 0.7743300000000000E+05        1 T
-1        6       -1
 0.8985564878632083E+03  0.4479416765270536E+03  0.0000000000000000E+00
 0.1188945006718558E-01  0.5946197567508069E-02  0.0000000000000000E+00
       1
